2026-03-23 15:30:56,390 - INFO - Loading data from /mnt/okcomputer/output/adult_income_project/data/raw/adult.csv
2026-03-23 15:30:56,454 - INFO - Data loaded: 32561 rows, 15 columns
2026-03-23 15:30:56,463 - INFO - Fitting and transforming data...
2026-03-23 15:30:56,473 - INFO - Handling missing values...
2026-03-23 15:30:56,502 - INFO - Missing values ('?') before processing: 4262
2026-03-23 15:30:56,546 - INFO - Missing values ('?') after processing: 0
2026-03-23 15:30:56,568 - INFO - Creating preprocessing pipeline...
2026-03-23 15:30:56,577 - INFO - Preprocessor created successfully
2026-03-23 15:30:56,691 - INFO - Transformed data shape: (32561, 100)
2026-03-23 15:30:56,714 - INFO - Target distribution: {0: 24720, 1: 7841}
2026-03-23 15:30:56,715 - INFO - Starting model training and evaluation...
2026-03-23 15:30:56,715 - INFO - Creating baseline models...
2026-03-23 15:30:56,715 - INFO - Creating Logistic Regression models...
2026-03-23 15:30:56,716 - INFO - Creating Linear SVC models...
2026-03-23 15:30:56,716 - INFO - Evaluating Majority with Stratified 5-Fold CV...
2026-03-23 15:30:59,796 - INFO - Majority:
2026-03-23 15:30:59,797 - INFO -   ROC-AUC: 0.5000 +- 0.0000
2026-03-23 15:30:59,797 - INFO -   PR-AUC: 0.2408 +- 0.0000
2026-03-23 15:30:59,797 - INFO -   F1: 0.0000 +- 0.0000
2026-03-23 15:30:59,797 - INFO - Evaluating Stratified with Stratified 5-Fold CV...
2026-03-23 15:31:00,038 - INFO - Stratified:
2026-03-23 15:31:00,038 - INFO -   ROC-AUC: 0.5014 +- 0.0075
2026-03-23 15:31:00,038 - INFO -   PR-AUC: 0.2415 +- 0.0027
2026-03-23 15:31:00,038 - INFO -   F1: 0.2418 +- 0.0114
2026-03-23 15:31:00,038 - INFO - Evaluating LogReg_L1_C0.01 with Stratified 5-Fold CV...
2026-03-23 15:31:00,954 - INFO - LogReg_L1_C0.01:
2026-03-23 15:31:00,954 - INFO -   ROC-AUC: 0.8981 +- 0.0014
2026-03-23 15:31:00,955 - INFO -   PR-AUC: 0.7500 +- 0.0091
2026-03-23 15:31:00,955 - INFO -   F1: 0.6309 +- 0.0050
2026-03-23 15:31:00,955 - INFO - Evaluating LogReg_L1_C0.1 with Stratified 5-Fold CV...
2026-03-23 15:31:04,264 - INFO - LogReg_L1_C0.1:
2026-03-23 15:31:04,264 - INFO -   ROC-AUC: 0.9062 +- 0.0018
2026-03-23 15:31:04,264 - INFO -   PR-AUC: 0.7659 +- 0.0089
2026-03-23 15:31:04,264 - INFO -   F1: 0.6562 +- 0.0069
2026-03-23 15:31:04,265 - INFO - Evaluating LogReg_L1_C1 with Stratified 5-Fold CV...
2026-03-23 15:31:14,942 - INFO - LogReg_L1_C1:
2026-03-23 15:31:14,942 - INFO -   ROC-AUC: 0.9068 +- 0.0017
2026-03-23 15:31:14,942 - INFO -   PR-AUC: 0.7672 +- 0.0088
2026-03-23 15:31:14,943 - INFO -   F1: 0.6626 +- 0.0070
2026-03-23 15:31:14,943 - INFO - Evaluating LogReg_L1_C10 with Stratified 5-Fold CV...
2026-03-23 15:31:42,352 - INFO - LogReg_L1_C10:
2026-03-23 15:31:42,352 - INFO -   ROC-AUC: 0.9066 +- 0.0018
2026-03-23 15:31:42,352 - INFO -   PR-AUC: 0.7668 +- 0.0089
2026-03-23 15:31:42,352 - INFO -   F1: 0.6622 +- 0.0074
2026-03-23 15:31:42,352 - INFO - Evaluating LogReg_L2_C0.01 with Stratified 5-Fold CV...
2026-03-23 15:31:42,999 - INFO - LogReg_L2_C0.01:
2026-03-23 15:31:42,999 - INFO -   ROC-AUC: 0.9035 +- 0.0019
2026-03-23 15:31:42,999 - INFO -   PR-AUC: 0.7578 +- 0.0101
2026-03-23 15:31:42,999 - INFO -   F1: 0.6426 +- 0.0051
2026-03-23 15:31:42,999 - INFO - Evaluating LogReg_L2_C0.1 with Stratified 5-Fold CV...
2026-03-23 15:31:43,880 - INFO - LogReg_L2_C0.1:
2026-03-23 15:31:43,880 - INFO -   ROC-AUC: 0.9066 +- 0.0018
2026-03-23 15:31:43,881 - INFO -   PR-AUC: 0.7666 +- 0.0090
2026-03-23 15:31:43,881 - INFO -   F1: 0.6596 +- 0.0071
2026-03-23 15:31:43,881 - INFO - Evaluating LogReg_L2_C1 with Stratified 5-Fold CV...
2026-03-23 15:31:45,146 - INFO - LogReg_L2_C1:
2026-03-23 15:31:45,146 - INFO -   ROC-AUC: 0.9067 +- 0.0017
2026-03-23 15:31:45,146 - INFO -   PR-AUC: 0.7670 +- 0.0088
2026-03-23 15:31:45,147 - INFO -   F1: 0.6624 +- 0.0070
2026-03-23 15:31:45,147 - INFO - Evaluating LogReg_L2_C10 with Stratified 5-Fold CV...
2026-03-23 15:31:47,361 - INFO - LogReg_L2_C10:
2026-03-23 15:31:47,361 - INFO -   ROC-AUC: 0.9066 +- 0.0018
2026-03-23 15:31:47,361 - INFO -   PR-AUC: 0.7668 +- 0.0090
2026-03-23 15:31:47,361 - INFO -   F1: 0.6627 +- 0.0072
2026-03-23 15:31:47,362 - INFO - Evaluating LinearSVC_C0.01 with Stratified 5-Fold CV...
2026-03-23 15:31:48,103 - INFO - LinearSVC_C0.01:
2026-03-23 15:31:48,103 - INFO -   ROC-AUC: 0.9064 +- 0.0014
2026-03-23 15:31:48,103 - INFO -   PR-AUC: 0.7666 +- 0.0088
2026-03-23 15:31:48,103 - INFO -   F1: 0.6535 +- 0.0078
2026-03-23 15:31:48,103 - INFO - Evaluating LinearSVC_C0.1 with Stratified 5-Fold CV...
2026-03-23 15:31:49,207 - INFO - LinearSVC_C0.1:
2026-03-23 15:31:49,207 - INFO -   ROC-AUC: 0.9065 +- 0.0014
2026-03-23 15:31:49,208 - INFO -   PR-AUC: 0.7669 +- 0.0086
2026-03-23 15:31:49,208 - INFO -   F1: 0.6591 +- 0.0079
2026-03-23 15:31:49,208 - INFO - Evaluating LinearSVC_C1 with Stratified 5-Fold CV...
2026-03-23 15:31:50,945 - INFO - LinearSVC_C1:
2026-03-23 15:31:50,945 - INFO -   ROC-AUC: 0.9065 +- 0.0015
2026-03-23 15:31:50,945 - INFO -   PR-AUC: 0.7668 +- 0.0087
2026-03-23 15:31:50,945 - INFO -   F1: 0.6591 +- 0.0067
2026-03-23 15:31:50,945 - INFO - Evaluating LinearSVC_C10 with Stratified 5-Fold CV...
2026-03-23 15:31:52,994 - INFO - LinearSVC_C10:
2026-03-23 15:31:52,994 - INFO -   ROC-AUC: 0.9065 +- 0.0016
2026-03-23 15:31:52,994 - INFO -   PR-AUC: 0.7668 +- 0.0088
2026-03-23 15:31:52,994 - INFO -   F1: 0.6588 +- 0.0072
2026-03-23 15:31:52,994 - INFO - Plotting ROC curves...
2026-03-23 15:32:05,629 - INFO - Saved: /mnt/okcomputer/output/adult_income_project/reports/figures/roc_curves.png
2026-03-23 15:32:05,631 - INFO - Plotting PR curves...
2026-03-23 15:32:18,168 - INFO - Saved: /mnt/okcomputer/output/adult_income_project/reports/figures/pr_curves.png
2026-03-23 15:32:18,168 - INFO - Plotting coefficient analysis...
2026-03-23 15:32:19,524 - INFO - Saved: /mnt/okcomputer/output/adult_income_project/reports/figures/coefficient_plot.png
2026-03-23 15:32:19,525 - INFO - Saving results table...
2026-03-23 15:32:19,545 - INFO - Saved: /mnt/okcomputer/output/adult_income_project/reports/figures/model_comparison.csv
2026-03-23 15:32:19,546 - INFO - Saving best model...
2026-03-23 15:32:21,770 - INFO - Best model: LogReg_L1_C1 (ROC-AUC: 0.9068)
2026-03-23 15:32:21,805 - INFO - Preprocessor saved to /mnt/okcomputer/output/adult_income_project/models/preprocessor.joblib
2026-03-24 07:44:52,210 - INFO - Loading data from C:\Users\Suna\Documents\Coding Project\Adult-Cencus-Income\data\raw\adult.csv
2026-03-24 07:44:52,246 - INFO - Data loaded: 32561 rows, 15 columns
2026-03-24 07:44:52,246 - INFO - Fitting and transforming data...
2026-03-24 07:44:52,246 - INFO - Handling missing values...
2026-03-24 07:44:52,257 - INFO - Missing values ('?') before processing: 4262
2026-03-24 07:44:52,274 - INFO - Missing values ('?') after processing: 0
2026-03-24 07:44:52,279 - INFO - Creating preprocessing pipeline...
2026-03-24 07:44:52,279 - INFO - Preprocessor created successfully
2026-03-24 07:44:52,324 - INFO - Transformed data shape: (32561, 100)
2026-03-24 07:44:52,326 - INFO - Target distribution: {0: 24720, 1: 7841}
2026-03-24 07:44:52,326 - INFO - Starting model training and evaluation...
2026-03-24 07:44:52,326 - INFO - Creating baseline models...
2026-03-24 07:44:52,326 - INFO - Creating Logistic Regression models...
2026-03-24 07:44:52,326 - INFO - Creating Linear SVC models...
2026-03-24 07:44:52,326 - INFO - Evaluating Majority with Stratified 5-Fold CV...
2026-03-24 07:44:54,093 - INFO - Majority:
2026-03-24 07:44:54,093 - INFO -   ROC-AUC: 0.5000 +- 0.0000
2026-03-24 07:44:54,093 - INFO -   PR-AUC: 0.2408 +- 0.0000
2026-03-24 07:44:54,093 - INFO -   F1: 0.0000 +- 0.0000
2026-03-24 07:44:54,093 - INFO - Evaluating Stratified with Stratified 5-Fold CV...
2026-03-24 07:44:55,437 - INFO - Stratified:
2026-03-24 07:44:55,437 - INFO -   ROC-AUC: 0.5014 +- 0.0075
2026-03-24 07:44:55,437 - INFO -   PR-AUC: 0.2415 +- 0.0027
2026-03-24 07:44:55,437 - INFO -   F1: 0.2418 +- 0.0114
2026-03-24 07:44:55,437 - INFO - Evaluating LogReg_L1_C0.01 with Stratified 5-Fold CV...
2026-03-24 07:44:56,885 - INFO - LogReg_L1_C0.01:
2026-03-24 07:44:56,885 - INFO -   ROC-AUC: 0.8981 +- 0.0014
2026-03-24 07:44:56,885 - INFO -   PR-AUC: 0.7500 +- 0.0091
2026-03-24 07:44:56,885 - INFO -   F1: 0.6309 +- 0.0050
2026-03-24 07:44:56,885 - INFO - Evaluating LogReg_L1_C0.1 with Stratified 5-Fold CV...
2026-03-24 07:44:58,686 - INFO - LogReg_L1_C0.1:
2026-03-24 07:44:58,686 - INFO -   ROC-AUC: 0.9062 +- 0.0018
2026-03-24 07:44:58,686 - INFO -   PR-AUC: 0.7659 +- 0.0089
2026-03-24 07:44:58,686 - INFO -   F1: 0.6562 +- 0.0069
2026-03-24 07:44:58,686 - INFO - Evaluating LogReg_L1_C1 with Stratified 5-Fold CV...
2026-03-24 07:45:00,249 - INFO - LogReg_L1_C1:
2026-03-24 07:45:00,250 - INFO -   ROC-AUC: 0.9068 +- 0.0017
2026-03-24 07:45:00,250 - INFO -   PR-AUC: 0.7672 +- 0.0088
2026-03-24 07:45:00,250 - INFO -   F1: 0.6626 +- 0.0070
2026-03-24 07:45:00,250 - INFO - Evaluating LogReg_L1_C10 with Stratified 5-Fold CV...
2026-03-24 07:45:04,114 - INFO - LogReg_L1_C10:
2026-03-24 07:45:04,114 - INFO -   ROC-AUC: 0.9066 +- 0.0018
2026-03-24 07:45:04,114 - INFO -   PR-AUC: 0.7668 +- 0.0089
2026-03-24 07:45:04,114 - INFO -   F1: 0.6622 +- 0.0074
2026-03-24 07:45:04,114 - INFO - Evaluating LogReg_L2_C0.01 with Stratified 5-Fold CV...
2026-03-24 07:45:04,356 - INFO - LogReg_L2_C0.01:
2026-03-24 07:45:04,356 - INFO -   ROC-AUC: 0.9035 +- 0.0019
2026-03-24 07:45:04,356 - INFO -   PR-AUC: 0.7578 +- 0.0101
2026-03-24 07:45:04,356 - INFO -   F1: 0.6426 +- 0.0051
2026-03-24 07:45:04,356 - INFO - Evaluating LogReg_L2_C0.1 with Stratified 5-Fold CV...
2026-03-24 07:45:04,670 - INFO - LogReg_L2_C0.1:
2026-03-24 07:45:04,670 - INFO -   ROC-AUC: 0.9066 +- 0.0018
2026-03-24 07:45:04,670 - INFO -   PR-AUC: 0.7666 +- 0.0090
2026-03-24 07:45:04,670 - INFO -   F1: 0.6596 +- 0.0071
2026-03-24 07:45:04,670 - INFO - Evaluating LogReg_L2_C1 with Stratified 5-Fold CV...
2026-03-24 07:45:05,038 - INFO - LogReg_L2_C1:
2026-03-24 07:45:05,038 - INFO -   ROC-AUC: 0.9067 +- 0.0017
2026-03-24 07:45:05,038 - INFO -   PR-AUC: 0.7670 +- 0.0088
2026-03-24 07:45:05,038 - INFO -   F1: 0.6625 +- 0.0071
2026-03-24 07:45:05,038 - INFO - Evaluating LogReg_L2_C10 with Stratified 5-Fold CV...
2026-03-24 07:45:05,628 - INFO - LogReg_L2_C10:
2026-03-24 07:45:05,628 - INFO -   ROC-AUC: 0.9066 +- 0.0018
2026-03-24 07:45:05,628 - INFO -   PR-AUC: 0.7668 +- 0.0090
2026-03-24 07:45:05,628 - INFO -   F1: 0.6626 +- 0.0071
2026-03-24 07:45:05,628 - INFO - Evaluating LinearSVC_C0.01 with Stratified 5-Fold CV...
2026-03-24 07:45:05,891 - INFO - LinearSVC_C0.01:
2026-03-24 07:45:05,891 - INFO -   ROC-AUC: 0.9064 +- 0.0014
2026-03-24 07:45:05,891 - INFO -   PR-AUC: 0.7666 +- 0.0088
2026-03-24 07:45:05,891 - INFO -   F1: 0.6535 +- 0.0078
2026-03-24 07:45:05,891 - INFO - Evaluating LinearSVC_C0.1 with Stratified 5-Fold CV...
2026-03-24 07:45:06,250 - INFO - LinearSVC_C0.1:
2026-03-24 07:45:06,250 - INFO -   ROC-AUC: 0.9065 +- 0.0014
2026-03-24 07:45:06,250 - INFO -   PR-AUC: 0.7669 +- 0.0086
2026-03-24 07:45:06,250 - INFO -   F1: 0.6591 +- 0.0079
2026-03-24 07:45:06,250 - INFO - Evaluating LinearSVC_C1 with Stratified 5-Fold CV...
2026-03-24 07:45:06,743 - INFO - LinearSVC_C1:
2026-03-24 07:45:06,743 - INFO -   ROC-AUC: 0.9065 +- 0.0015
2026-03-24 07:45:06,743 - INFO -   PR-AUC: 0.7668 +- 0.0087
2026-03-24 07:45:06,743 - INFO -   F1: 0.6591 +- 0.0067
2026-03-24 07:45:06,744 - INFO - Evaluating LinearSVC_C10 with Stratified 5-Fold CV...
2026-03-24 07:45:07,395 - INFO - LinearSVC_C10:
2026-03-24 07:45:07,395 - INFO -   ROC-AUC: 0.9064 +- 0.0015
2026-03-24 07:45:07,395 - INFO -   PR-AUC: 0.7668 +- 0.0088
2026-03-24 07:45:07,396 - INFO -   F1: 0.6587 +- 0.0071
2026-03-24 07:45:07,396 - INFO - Plotting ROC curves...
2026-03-24 07:45:13,280 - INFO - Saved: reports/figures/roc_curves.png
2026-03-24 07:45:13,281 - INFO - Plotting PR curves...
2026-03-24 07:45:19,105 - INFO - Saved: reports/figures/pr_curves.png
2026-03-24 07:45:19,105 - INFO - Plotting coefficient analysis...
2026-03-24 07:45:19,511 - INFO - Saved: reports/figures/coefficient_plot.png
2026-03-24 07:45:19,511 - INFO - Saving results table...
2026-03-24 07:45:19,515 - INFO - Saved: reports/figures/model_comparison.csv
2026-03-24 07:45:19,515 - INFO - Saving best model...
2026-03-24 07:45:20,569 - INFO - Best model: LogReg_L1_C1 (ROC-AUC: 0.9068)
2026-03-24 07:45:20,571 - INFO - Preprocessor saved to models/preprocessor.joblib
2026-03-24 08:09:17,455 - INFO - Loading data from C:\Users\Suna\Documents\Coding Project\Adult-Cencus-Income\data\raw\adult.csv
2026-03-24 08:09:17,491 - INFO - Data loaded: 32561 rows, 15 columns
2026-03-24 08:09:17,492 - INFO - Fitting and transforming data...
2026-03-24 08:09:17,492 - INFO - Handling missing values...
2026-03-24 08:09:17,502 - INFO - Missing values ('?') before processing: 4262
2026-03-24 08:09:17,520 - INFO - Missing values ('?') after processing: 0
2026-03-24 08:09:17,525 - INFO - Creating preprocessing pipeline...
2026-03-24 08:09:17,525 - INFO - Preprocessor created successfully
2026-03-24 08:09:17,569 - INFO - Transformed data shape: (32561, 100)
2026-03-24 08:09:17,570 - INFO - Target distribution: {0: 24720, 1: 7841}
2026-03-24 08:09:17,570 - INFO - Starting model training and evaluation...
2026-03-24 08:09:17,570 - INFO - Creating baseline models...
2026-03-24 08:09:17,570 - INFO - Creating Logistic Regression models...
2026-03-24 08:09:17,570 - INFO - Creating Linear SVC models...
2026-03-24 08:09:17,571 - INFO - Evaluating Majority with Stratified 5-Fold CV...
2026-03-24 08:09:18,936 - INFO - Majority:
2026-03-24 08:09:18,936 - INFO -   ROC-AUC: 0.5000 +- 0.0000
2026-03-24 08:09:18,936 - INFO -   PR-AUC: 0.2408 +- 0.0000
2026-03-24 08:09:18,936 - INFO -   F1: 0.0000 +- 0.0000
2026-03-24 08:09:18,936 - INFO - Evaluating Stratified with Stratified 5-Fold CV...
2026-03-24 08:09:19,966 - INFO - Stratified:
2026-03-24 08:09:19,966 - INFO -   ROC-AUC: 0.5014 +- 0.0075
2026-03-24 08:09:19,966 - INFO -   PR-AUC: 0.2415 +- 0.0027
2026-03-24 08:09:19,966 - INFO -   F1: 0.2418 +- 0.0114
2026-03-24 08:09:19,966 - INFO - Evaluating LogReg_L1_C0.01 with Stratified 5-Fold CV...
2026-03-24 08:09:21,259 - INFO - LogReg_L1_C0.01:
2026-03-24 08:09:21,260 - INFO -   ROC-AUC: 0.8981 +- 0.0014
2026-03-24 08:09:21,260 - INFO -   PR-AUC: 0.7500 +- 0.0091
2026-03-24 08:09:21,260 - INFO -   F1: 0.6309 +- 0.0050
2026-03-24 08:09:21,260 - INFO - Evaluating LogReg_L1_C0.1 with Stratified 5-Fold CV...
2026-03-24 08:09:22,829 - INFO - LogReg_L1_C0.1:
2026-03-24 08:09:22,829 - INFO -   ROC-AUC: 0.9062 +- 0.0018
2026-03-24 08:09:22,830 - INFO -   PR-AUC: 0.7659 +- 0.0089
2026-03-24 08:09:22,830 - INFO -   F1: 0.6562 +- 0.0069
2026-03-24 08:09:22,830 - INFO - Evaluating LogReg_L1_C1 with Stratified 5-Fold CV...
2026-03-24 08:09:24,311 - INFO - LogReg_L1_C1:
2026-03-24 08:09:24,311 - INFO -   ROC-AUC: 0.9068 +- 0.0017
2026-03-24 08:09:24,311 - INFO -   PR-AUC: 0.7672 +- 0.0088
2026-03-24 08:09:24,311 - INFO -   F1: 0.6626 +- 0.0070
2026-03-24 08:09:24,311 - INFO - Evaluating LogReg_L1_C10 with Stratified 5-Fold CV...
2026-03-24 08:09:28,897 - INFO - LogReg_L1_C10:
2026-03-24 08:09:28,897 - INFO -   ROC-AUC: 0.9066 +- 0.0018
2026-03-24 08:09:28,897 - INFO -   PR-AUC: 0.7668 +- 0.0089
2026-03-24 08:09:28,897 - INFO -   F1: 0.6622 +- 0.0074
2026-03-24 08:09:28,897 - INFO - Evaluating LogReg_L2_C0.01 with Stratified 5-Fold CV...
2026-03-24 08:09:29,180 - INFO - LogReg_L2_C0.01:
2026-03-24 08:09:29,181 - INFO -   ROC-AUC: 0.9035 +- 0.0019
2026-03-24 08:09:29,181 - INFO -   PR-AUC: 0.7578 +- 0.0101
2026-03-24 08:09:29,181 - INFO -   F1: 0.6426 +- 0.0051
2026-03-24 08:09:29,181 - INFO - Evaluating LogReg_L2_C0.1 with Stratified 5-Fold CV...
2026-03-24 08:09:29,624 - INFO - LogReg_L2_C0.1:
2026-03-24 08:09:29,624 - INFO -   ROC-AUC: 0.9066 +- 0.0018
2026-03-24 08:09:29,624 - INFO -   PR-AUC: 0.7666 +- 0.0090
2026-03-24 08:09:29,624 - INFO -   F1: 0.6596 +- 0.0071
2026-03-24 08:09:29,624 - INFO - Evaluating LogReg_L2_C1 with Stratified 5-Fold CV...
2026-03-24 08:09:30,265 - INFO - LogReg_L2_C1:
2026-03-24 08:09:30,265 - INFO -   ROC-AUC: 0.9067 +- 0.0017
2026-03-24 08:09:30,265 - INFO -   PR-AUC: 0.7670 +- 0.0088
2026-03-24 08:09:30,265 - INFO -   F1: 0.6625 +- 0.0071
2026-03-24 08:09:30,265 - INFO - Evaluating LogReg_L2_C10 with Stratified 5-Fold CV...
2026-03-24 08:09:31,825 - INFO - LogReg_L2_C10:
2026-03-24 08:09:31,826 - INFO -   ROC-AUC: 0.9066 +- 0.0018
2026-03-24 08:09:31,826 - INFO -   PR-AUC: 0.7668 +- 0.0090
2026-03-24 08:09:31,826 - INFO -   F1: 0.6626 +- 0.0071
2026-03-24 08:09:31,826 - INFO - Evaluating LinearSVC_C0.01 with Stratified 5-Fold CV...
2026-03-24 08:09:32,188 - INFO - LinearSVC_C0.01:
2026-03-24 08:09:32,190 - INFO -   ROC-AUC: 0.9064 +- 0.0014
2026-03-24 08:09:32,190 - INFO -   PR-AUC: 0.7666 +- 0.0088
2026-03-24 08:09:32,190 - INFO -   F1: 0.6535 +- 0.0078
2026-03-24 08:09:32,190 - INFO - Evaluating LinearSVC_C0.1 with Stratified 5-Fold CV...
2026-03-24 08:09:33,044 - INFO - LinearSVC_C0.1:
2026-03-24 08:09:33,045 - INFO -   ROC-AUC: 0.9065 +- 0.0014
2026-03-24 08:09:33,045 - INFO -   PR-AUC: 0.7669 +- 0.0086
2026-03-24 08:09:33,045 - INFO -   F1: 0.6591 +- 0.0079
2026-03-24 08:09:33,045 - INFO - Evaluating LinearSVC_C1 with Stratified 5-Fold CV...
2026-03-24 08:09:34,255 - INFO - LinearSVC_C1:
2026-03-24 08:09:34,255 - INFO -   ROC-AUC: 0.9065 +- 0.0015
2026-03-24 08:09:34,256 - INFO -   PR-AUC: 0.7668 +- 0.0087
2026-03-24 08:09:34,256 - INFO -   F1: 0.6591 +- 0.0067
2026-03-24 08:09:34,256 - INFO - Evaluating LinearSVC_C10 with Stratified 5-Fold CV...
2026-03-24 08:09:35,981 - INFO - LinearSVC_C10:
2026-03-24 08:09:35,981 - INFO -   ROC-AUC: 0.9064 +- 0.0015
2026-03-24 08:09:35,981 - INFO -   PR-AUC: 0.7668 +- 0.0088
2026-03-24 08:09:35,981 - INFO -   F1: 0.6587 +- 0.0071
2026-03-24 08:09:35,981 - INFO - Plotting ROC curves...
2026-03-24 08:09:48,053 - INFO - Saved: reports/figures/roc_curves.png
2026-03-24 08:09:48,054 - INFO - Plotting PR curves...
2026-03-24 08:10:00,121 - INFO - Saved: reports/figures/pr_curves.png
2026-03-24 08:10:00,122 - INFO - Plotting coefficient analysis...
2026-03-24 08:10:00,764 - INFO - Saved: reports/figures/coefficient_plot.png
2026-03-24 08:10:00,764 - INFO - Saving results table...
2026-03-24 08:10:00,767 - INFO - Saved: reports/figures/model_comparison.csv
2026-03-24 08:10:00,767 - INFO - Saving best model...
2026-03-24 08:10:01,861 - INFO - Best model: LogReg_L1_C1 (ROC-AUC: 0.9068)
2026-03-24 08:10:01,862 - INFO - Preprocessor saved to models/preprocessor.joblib
2026-03-24 08:11:26,153 - INFO - Loading data from C:\Users\Suna\Documents\Coding Project\Adult-Cencus-Income\data\raw\adult.csv
2026-03-24 08:11:26,189 - INFO - Data loaded: 32561 rows, 15 columns
2026-03-24 08:11:26,189 - INFO - Fitting and transforming data...
2026-03-24 08:11:26,189 - INFO - Handling missing values...
2026-03-24 08:11:26,199 - INFO - Missing values ('?') before processing: 4262
2026-03-24 08:11:26,216 - INFO - Missing values ('?') after processing: 0
2026-03-24 08:11:26,220 - INFO - Creating preprocessing pipeline...
2026-03-24 08:11:26,221 - INFO - Preprocessor created successfully
2026-03-24 08:11:26,263 - INFO - Transformed data shape: (32561, 100)
2026-03-24 08:11:26,264 - INFO - Target distribution: {0: 24720, 1: 7841}
2026-03-24 08:11:26,266 - INFO - Starting model training and evaluation...
2026-03-24 08:11:26,266 - INFO - Creating baseline models...
2026-03-24 08:11:26,266 - INFO - Creating Logistic Regression models...
2026-03-24 08:11:26,266 - INFO - Creating Linear SVC models...
2026-03-24 08:11:26,266 - INFO - Evaluating Majority with Stratified 5-Fold CV...
2026-03-24 08:11:27,592 - INFO - Majority:
2026-03-24 08:11:27,592 - INFO -   ROC-AUC: 0.5000 +- 0.0000
2026-03-24 08:11:27,592 - INFO -   PR-AUC: 0.2408 +- 0.0000
2026-03-24 08:11:27,592 - INFO -   F1: 0.0000 +- 0.0000
2026-03-24 08:11:27,592 - INFO - Evaluating Stratified with Stratified 5-Fold CV...
2026-03-24 08:11:28,573 - INFO - Stratified:
2026-03-24 08:11:28,573 - INFO -   ROC-AUC: 0.5014 +- 0.0075
2026-03-24 08:11:28,573 - INFO -   PR-AUC: 0.2415 +- 0.0027
2026-03-24 08:11:28,573 - INFO -   F1: 0.2418 +- 0.0114
2026-03-24 08:11:28,573 - INFO - Evaluating LogReg_L1_C0.01 with Stratified 5-Fold CV...
2026-03-24 08:15:07,472 - INFO - Loading data from C:\Users\Suna\Documents\Coding Project\Adult-Cencus-Income\data\raw\adult.csv
2026-03-24 08:15:07,511 - INFO - Data loaded: 32561 rows, 15 columns
2026-03-24 08:15:07,512 - INFO - Fitting and transforming data...
2026-03-24 08:15:07,512 - INFO - Handling missing values...
2026-03-24 08:15:07,523 - INFO - Missing values ('?') before processing: 4262
2026-03-24 08:15:07,541 - INFO - Missing values ('?') after processing: 0
2026-03-24 08:15:07,546 - INFO - Creating preprocessing pipeline...
2026-03-24 08:15:07,547 - INFO - Preprocessor created successfully
2026-03-24 08:15:07,602 - INFO - Transformed data shape: (32561, 100)
2026-03-24 08:15:07,602 - INFO - Target distribution: {0: 24720, 1: 7841}
2026-03-24 08:15:07,603 - INFO - Starting model training and evaluation...
2026-03-24 08:15:07,603 - INFO - Creating baseline models...
2026-03-24 08:15:07,603 - INFO - Creating Logistic Regression models...
2026-03-24 08:15:07,603 - INFO - Creating Linear SVC models...
2026-03-24 08:15:07,603 - INFO - Evaluating Majority with Stratified 5-Fold CV...
2026-03-24 08:15:09,080 - INFO - Majority:
2026-03-24 08:15:09,080 - INFO -   ROC-AUC: 0.5000 +- 0.0000
2026-03-24 08:15:09,080 - INFO -   PR-AUC: 0.2408 +- 0.0000
2026-03-24 08:15:09,080 - INFO -   F1: 0.0000 +- 0.0000
2026-03-24 08:15:09,080 - INFO - Evaluating Stratified with Stratified 5-Fold CV...
2026-03-24 08:15:10,124 - INFO - Stratified:
2026-03-24 08:15:10,124 - INFO -   ROC-AUC: 0.5014 +- 0.0075
2026-03-24 08:15:10,124 - INFO -   PR-AUC: 0.2415 +- 0.0027
2026-03-24 08:15:10,124 - INFO -   F1: 0.2418 +- 0.0114
2026-03-24 08:15:10,124 - INFO - Evaluating LogReg_L1_C0.01 with Stratified 5-Fold CV...
2026-03-24 08:15:11,524 - INFO - LogReg_L1_C0.01:
2026-03-24 08:15:11,524 - INFO -   ROC-AUC: 0.8976 +- 0.0015
2026-03-24 08:15:11,524 - INFO -   PR-AUC: 0.7487 +- 0.0089
2026-03-24 08:15:11,524 - INFO -   F1: 0.6313 +- 0.0046
2026-03-24 08:15:11,524 - INFO - Evaluating LogReg_L1_C0.1 with Stratified 5-Fold CV...
2026-03-24 08:15:21,239 - INFO - LogReg_L1_C0.1:
2026-03-24 08:15:21,239 - INFO -   ROC-AUC: 0.9062 +- 0.0019
2026-03-24 08:15:21,239 - INFO -   PR-AUC: 0.7657 +- 0.0089
2026-03-24 08:15:21,239 - INFO -   F1: 0.6560 +- 0.0081
2026-03-24 08:15:21,239 - INFO - Evaluating LogReg_L1_C1 with Stratified 5-Fold CV...
2026-03-24 08:16:05,934 - INFO - LogReg_L1_C1:
2026-03-24 08:16:05,934 - INFO -   ROC-AUC: 0.9068 +- 0.0017
2026-03-24 08:16:05,934 - INFO -   PR-AUC: 0.7671 +- 0.0088
2026-03-24 08:16:05,934 - INFO -   F1: 0.6623 +- 0.0074
2026-03-24 08:16:05,934 - INFO - Evaluating LogReg_L1_C10 with Stratified 5-Fold CV...
2026-03-24 08:16:50,131 - INFO - LogReg_L1_C10:
2026-03-24 08:16:50,131 - INFO -   ROC-AUC: 0.9066 +- 0.0018
2026-03-24 08:16:50,131 - INFO -   PR-AUC: 0.7668 +- 0.0089
2026-03-24 08:16:50,131 - INFO -   F1: 0.6624 +- 0.0076
2026-03-24 08:16:50,131 - INFO - Evaluating LogReg_L2_C0.01 with Stratified 5-Fold CV...
2026-03-24 08:16:50,448 - INFO - LogReg_L2_C0.01:
2026-03-24 08:16:50,448 - INFO -   ROC-AUC: 0.9043 +- 0.0017
2026-03-24 08:16:50,448 - INFO -   PR-AUC: 0.7592 +- 0.0095
2026-03-24 08:16:50,448 - INFO -   F1: 0.6426 +- 0.0062
2026-03-24 08:16:50,448 - INFO - Evaluating LogReg_L2_C0.1 with Stratified 5-Fold CV...
2026-03-24 08:16:50,891 - INFO - LogReg_L2_C0.1:
2026-03-24 08:16:50,891 - INFO -   ROC-AUC: 0.9067 +- 0.0018
2026-03-24 08:16:50,891 - INFO -   PR-AUC: 0.7666 +- 0.0088
2026-03-24 08:16:50,891 - INFO -   F1: 0.6596 +- 0.0078
2026-03-24 08:16:50,891 - INFO - Evaluating LogReg_L2_C1 with Stratified 5-Fold CV...
2026-03-24 08:16:51,491 - INFO - LogReg_L2_C1:
2026-03-24 08:16:51,491 - INFO -   ROC-AUC: 0.9067 +- 0.0018
2026-03-24 08:16:51,491 - INFO -   PR-AUC: 0.7669 +- 0.0087
2026-03-24 08:16:51,491 - INFO -   F1: 0.6620 +- 0.0071
2026-03-24 08:16:51,491 - INFO - Evaluating LogReg_L2_C10 with Stratified 5-Fold CV...
2026-03-24 08:16:52,203 - INFO - LogReg_L2_C10:
2026-03-24 08:16:52,203 - INFO -   ROC-AUC: 0.9066 +- 0.0018
2026-03-24 08:16:52,203 - INFO -   PR-AUC: 0.7667 +- 0.0090
2026-03-24 08:16:52,203 - INFO -   F1: 0.6623 +- 0.0077
2026-03-24 08:16:52,203 - INFO - Evaluating LinearSVC_C0.01 with Stratified 5-Fold CV...
2026-03-24 08:16:52,467 - INFO - LinearSVC_C0.01:
2026-03-24 08:16:52,467 - INFO -   ROC-AUC: 0.9064 +- 0.0014
2026-03-24 08:16:52,467 - INFO -   PR-AUC: 0.7666 +- 0.0088
2026-03-24 08:16:52,467 - INFO -   F1: 0.6535 +- 0.0078
2026-03-24 08:16:52,467 - INFO - Evaluating LinearSVC_C0.1 with Stratified 5-Fold CV...
2026-03-24 08:16:52,813 - INFO - LinearSVC_C0.1:
2026-03-24 08:16:52,813 - INFO -   ROC-AUC: 0.9065 +- 0.0014
2026-03-24 08:16:52,813 - INFO -   PR-AUC: 0.7669 +- 0.0086
2026-03-24 08:16:52,813 - INFO -   F1: 0.6591 +- 0.0079
2026-03-24 08:16:52,813 - INFO - Evaluating LinearSVC_C1 with Stratified 5-Fold CV...
2026-03-24 08:16:53,286 - INFO - LinearSVC_C1:
2026-03-24 08:16:53,286 - INFO -   ROC-AUC: 0.9065 +- 0.0015
2026-03-24 08:16:53,286 - INFO -   PR-AUC: 0.7668 +- 0.0087
2026-03-24 08:16:53,286 - INFO -   F1: 0.6591 +- 0.0067
2026-03-24 08:16:53,286 - INFO - Evaluating LinearSVC_C10 with Stratified 5-Fold CV...
2026-03-24 08:16:53,959 - INFO - LinearSVC_C10:
2026-03-24 08:16:53,959 - INFO -   ROC-AUC: 0.9064 +- 0.0015
2026-03-24 08:16:53,959 - INFO -   PR-AUC: 0.7668 +- 0.0088
2026-03-24 08:16:53,959 - INFO -   F1: 0.6587 +- 0.0071
2026-03-24 08:16:53,959 - INFO - Plotting ROC curves...
2026-03-24 08:17:11,604 - INFO - Loading data from C:\Users\Suna\Documents\Coding Project\Adult-Cencus-Income\data\raw\adult.csv
2026-03-24 08:17:11,642 - INFO - Data loaded: 32561 rows, 15 columns
2026-03-24 08:17:11,642 - INFO - Fitting and transforming data...
2026-03-24 08:17:11,642 - INFO - Handling missing values...
2026-03-24 08:17:11,653 - INFO - Missing values ('?') before processing: 4262
2026-03-24 08:17:11,671 - INFO - Missing values ('?') after processing: 0
2026-03-24 08:17:11,676 - INFO - Creating preprocessing pipeline...
2026-03-24 08:17:11,676 - INFO - Preprocessor created successfully
2026-03-24 08:17:11,723 - INFO - Transformed data shape: (32561, 100)
2026-03-24 08:17:11,723 - INFO - Target distribution: {0: 24720, 1: 7841}
2026-03-24 08:17:11,724 - INFO - Starting model training and evaluation...
2026-03-24 08:17:11,724 - INFO - Creating baseline models...
2026-03-24 08:17:11,724 - INFO - Creating Logistic Regression models...
2026-03-24 08:17:11,724 - INFO - Creating Linear SVC models...
2026-03-24 08:17:11,724 - INFO - Evaluating Majority with Stratified 5-Fold CV...
2026-03-24 08:17:12,989 - INFO - Majority:
2026-03-24 08:17:12,989 - INFO -   ROC-AUC: 0.5000 +- 0.0000
2026-03-24 08:17:12,989 - INFO -   PR-AUC: 0.2408 +- 0.0000
2026-03-24 08:17:12,989 - INFO -   F1: 0.0000 +- 0.0000
2026-03-24 08:17:12,989 - INFO - Evaluating Stratified with Stratified 5-Fold CV...
2026-03-24 08:17:14,033 - INFO - Stratified:
2026-03-24 08:17:14,033 - INFO -   ROC-AUC: 0.5014 +- 0.0075
2026-03-24 08:17:14,033 - INFO -   PR-AUC: 0.2415 +- 0.0027
2026-03-24 08:17:14,033 - INFO -   F1: 0.2418 +- 0.0114
2026-03-24 08:17:14,033 - INFO - Evaluating LogReg_L1_C0.01 with Stratified 5-Fold CV...
2026-03-24 08:17:15,330 - INFO - LogReg_L1_C0.01:
2026-03-24 08:17:15,330 - INFO -   ROC-AUC: 0.8976 +- 0.0015
2026-03-24 08:17:15,330 - INFO -   PR-AUC: 0.7487 +- 0.0089
2026-03-24 08:17:15,330 - INFO -   F1: 0.6313 +- 0.0046
2026-03-24 08:17:15,330 - INFO - Evaluating LogReg_L1_C0.1 with Stratified 5-Fold CV...
2026-03-24 08:17:25,434 - INFO - LogReg_L1_C0.1:
2026-03-24 08:17:25,434 - INFO -   ROC-AUC: 0.9062 +- 0.0019
2026-03-24 08:17:25,434 - INFO -   PR-AUC: 0.7657 +- 0.0089
2026-03-24 08:17:25,434 - INFO -   F1: 0.6560 +- 0.0081
2026-03-24 08:17:25,435 - INFO - Evaluating LogReg_L1_C1 with Stratified 5-Fold CV...
2026-03-24 08:18:09,329 - INFO - LogReg_L1_C1:
2026-03-24 08:18:09,329 - INFO -   ROC-AUC: 0.9068 +- 0.0017
2026-03-24 08:18:09,329 - INFO -   PR-AUC: 0.7671 +- 0.0088
2026-03-24 08:18:09,329 - INFO -   F1: 0.6623 +- 0.0074
2026-03-24 08:18:09,329 - INFO - Evaluating LogReg_L1_C10 with Stratified 5-Fold CV...
2026-03-24 08:18:51,351 - INFO - LogReg_L1_C10:
2026-03-24 08:18:51,351 - INFO -   ROC-AUC: 0.9066 +- 0.0018
2026-03-24 08:18:51,351 - INFO -   PR-AUC: 0.7668 +- 0.0089
2026-03-24 08:18:51,351 - INFO -   F1: 0.6624 +- 0.0076
2026-03-24 08:18:51,351 - INFO - Evaluating LogReg_L2_C0.01 with Stratified 5-Fold CV...
2026-03-24 08:18:51,686 - INFO - LogReg_L2_C0.01:
2026-03-24 08:18:51,686 - INFO -   ROC-AUC: 0.9043 +- 0.0017
2026-03-24 08:18:51,686 - INFO -   PR-AUC: 0.7592 +- 0.0095
2026-03-24 08:18:51,686 - INFO -   F1: 0.6426 +- 0.0062
2026-03-24 08:18:51,686 - INFO - Evaluating LogReg_L2_C0.1 with Stratified 5-Fold CV...
2026-03-24 08:18:52,170 - INFO - LogReg_L2_C0.1:
2026-03-24 08:18:52,170 - INFO -   ROC-AUC: 0.9067 +- 0.0018
2026-03-24 08:18:52,170 - INFO -   PR-AUC: 0.7666 +- 0.0088
2026-03-24 08:18:52,170 - INFO -   F1: 0.6596 +- 0.0078
2026-03-24 08:18:52,170 - INFO - Evaluating LogReg_L2_C1 with Stratified 5-Fold CV...
2026-03-24 08:18:52,853 - INFO - LogReg_L2_C1:
2026-03-24 08:18:52,853 - INFO -   ROC-AUC: 0.9067 +- 0.0018
2026-03-24 08:18:52,853 - INFO -   PR-AUC: 0.7669 +- 0.0087
2026-03-24 08:18:52,853 - INFO -   F1: 0.6620 +- 0.0071
2026-03-24 08:18:52,853 - INFO - Evaluating LogReg_L2_C10 with Stratified 5-Fold CV...
2026-03-24 08:18:53,624 - INFO - LogReg_L2_C10:
2026-03-24 08:18:53,624 - INFO -   ROC-AUC: 0.9066 +- 0.0018
2026-03-24 08:18:53,624 - INFO -   PR-AUC: 0.7667 +- 0.0090
2026-03-24 08:18:53,624 - INFO -   F1: 0.6623 +- 0.0077
2026-03-24 08:18:53,624 - INFO - Evaluating LinearSVC_C0.01 with Stratified 5-Fold CV...
2026-03-24 08:18:53,999 - INFO - LinearSVC_C0.01:
2026-03-24 08:18:53,999 - INFO -   ROC-AUC: 0.9064 +- 0.0014
2026-03-24 08:18:53,999 - INFO -   PR-AUC: 0.7666 +- 0.0088
2026-03-24 08:18:53,999 - INFO -   F1: 0.6535 +- 0.0078
2026-03-24 08:18:53,999 - INFO - Evaluating LinearSVC_C0.1 with Stratified 5-Fold CV...
2026-03-24 08:18:54,357 - INFO - LinearSVC_C0.1:
2026-03-24 08:18:54,358 - INFO -   ROC-AUC: 0.9065 +- 0.0014
2026-03-24 08:18:54,358 - INFO -   PR-AUC: 0.7669 +- 0.0086
2026-03-24 08:18:54,358 - INFO -   F1: 0.6591 +- 0.0079
2026-03-24 08:18:54,358 - INFO - Evaluating LinearSVC_C1 with Stratified 5-Fold CV...
2026-03-24 08:18:54,843 - INFO - LinearSVC_C1:
2026-03-24 08:18:54,844 - INFO -   ROC-AUC: 0.9065 +- 0.0015
2026-03-24 08:18:54,844 - INFO -   PR-AUC: 0.7668 +- 0.0087
2026-03-24 08:18:54,844 - INFO -   F1: 0.6591 +- 0.0067
2026-03-24 08:18:54,844 - INFO - Evaluating LinearSVC_C10 with Stratified 5-Fold CV...
2026-03-24 08:18:55,508 - INFO - LinearSVC_C10:
2026-03-24 08:18:55,508 - INFO -   ROC-AUC: 0.9064 +- 0.0015
2026-03-24 08:18:55,508 - INFO -   PR-AUC: 0.7668 +- 0.0088
2026-03-24 08:18:55,508 - INFO -   F1: 0.6587 +- 0.0071
2026-03-24 08:18:55,508 - INFO - Plotting ROC curves...
2026-03-24 08:20:01,020 - INFO - Saved: reports/figures/roc_curves.png
2026-03-24 08:20:01,021 - INFO - Plotting PR curves...
2026-03-24 08:21:50,172 - INFO - Saved: reports/figures/roc_curves.png
2026-03-24 08:21:50,173 - INFO - Plotting PR curves...
2026-03-24 08:22:37,406 - INFO - Loading data from C:\Users\Suna\Documents\Coding Project\Adult-Cencus-Income\data\raw\adult.csv
2026-03-24 08:22:37,443 - INFO - Data loaded: 32561 rows, 15 columns
2026-03-24 08:22:37,443 - INFO - Fitting and transforming data...
2026-03-24 08:22:37,443 - INFO - Handling missing values...
2026-03-24 08:22:37,455 - INFO - Missing values ('?') before processing: 4262
2026-03-24 08:22:37,472 - INFO - Missing values ('?') after processing: 0
2026-03-24 08:22:37,477 - INFO - Creating preprocessing pipeline...
2026-03-24 08:22:37,477 - INFO - Preprocessor created successfully
2026-03-24 08:22:37,523 - INFO - Transformed data shape: (32561, 100)
2026-03-24 08:22:37,524 - INFO - Target distribution: {0: 24720, 1: 7841}
2026-03-24 08:22:37,524 - INFO - Starting model training and evaluation...
2026-03-24 08:22:37,525 - INFO - Creating baseline models...
2026-03-24 08:22:37,525 - INFO - Creating Logistic Regression models...
2026-03-24 08:22:37,525 - INFO - Creating Linear SVC models...
2026-03-24 08:22:37,525 - INFO - Evaluating Majority with Stratified 5-Fold CV...
2026-03-24 08:22:38,912 - INFO - Majority:
2026-03-24 08:22:38,912 - INFO -   ROC-AUC: 0.5000 +- 0.0000
2026-03-24 08:22:38,913 - INFO -   PR-AUC: 0.2408 +- 0.0000
2026-03-24 08:22:38,913 - INFO -   F1: 0.0000 +- 0.0000
2026-03-24 08:22:38,913 - INFO - Evaluating Stratified with Stratified 5-Fold CV...
2026-03-24 08:22:39,896 - INFO - Stratified:
2026-03-24 08:22:39,896 - INFO -   ROC-AUC: 0.5014 +- 0.0075
2026-03-24 08:22:39,896 - INFO -   PR-AUC: 0.2415 +- 0.0027
2026-03-24 08:22:39,896 - INFO -   F1: 0.2418 +- 0.0114
2026-03-24 08:22:39,896 - INFO - Evaluating LogReg_L1_C0.01 with Stratified 5-Fold CV...
2026-03-24 08:22:40,967 - INFO - LogReg_L1_C0.01:
2026-03-24 08:22:40,967 - INFO -   ROC-AUC: 0.8981 +- 0.0014
2026-03-24 08:22:40,967 - INFO -   PR-AUC: 0.7500 +- 0.0091
2026-03-24 08:22:40,967 - INFO -   F1: 0.6309 +- 0.0050
2026-03-24 08:22:40,967 - INFO - Evaluating LogReg_L1_C0.1 with Stratified 5-Fold CV...
2026-03-24 08:22:56,028 - INFO - Saved: reports/figures/pr_curves.png
2026-03-24 08:22:56,029 - INFO - Plotting coefficient analysis...
2026-03-24 08:22:56,449 - INFO - Saved: reports/figures/coefficient_plot.png
2026-03-24 08:22:56,449 - INFO - Saving results table...
2026-03-24 08:22:56,452 - INFO - Saved: reports/figures/model_comparison.csv
2026-03-24 08:22:56,452 - INFO - Saving best model...
2026-03-24 08:23:46,518 - INFO - Best model: LogReg_L1_C1 (ROC-AUC: 0.9068)
2026-03-24 08:23:46,520 - INFO - Preprocessor saved to models/preprocessor.joblib
2026-03-24 08:24:43,792 - INFO - Saved: reports/figures/pr_curves.png
2026-03-24 08:24:43,793 - INFO - Plotting coefficient analysis...
2026-03-24 08:24:44,191 - INFO - Saved: reports/figures/coefficient_plot.png
2026-03-24 08:24:44,191 - INFO - Saving results table...
2026-03-24 08:24:44,194 - INFO - Saved: reports/figures/model_comparison.csv
2026-03-24 08:24:44,194 - INFO - Saving best model...
2026-03-24 08:25:32,330 - INFO - Best model: LogReg_L1_C1 (ROC-AUC: 0.9068)
2026-03-24 08:25:32,331 - INFO - Preprocessor saved to models/preprocessor.joblib
